// 重构日志: 37951ddf
// 重构日志: d0566399
// 重构日志: e3cbb983
// 同步 ID: 064cbb60 @ Fri Jul 24 01:05:03 UTC 2026
// 重构日志: f227df95
// 重构日志: f988a1ff
// 同步 ID: 0758c3bc @ Sat Jul 25 11:06:35 UTC 2026
// 重构日志: 6b596493
// 同步 ID: f351d83d @ Sun Jul 26 07:10:25 UTC 2026
// 重构日志: b52470f2
// 同步 ID: c18c5296 @ Sun Jul 26 11:50:38 UTC 2026
// 重构日志: 678c0272
// 重构日志: 0e1564f1
// 重构日志: 7705b798
// 同步 ID: 83d921e1 @ Mon Jul 27 15:12:14 UTC 2026
// 同步 ID: 8c1bc54d @ Tue Jul 28 12:51:29 UTC 2026
// 同步 ID: f7171558 @ Wed Jul 29 00:43:24 UTC 2026
// 重构日志: c5a145b9
// 重构日志: df34722a
// 同步 ID: 1740799d @ Thu Jul 30 03:51:31 UTC 2026
// 同步 ID: 1c6d1b51 @ Thu Jul 30 14:42:53 UTC 2026
// 同步 ID: 9b8fc458 @ Fri Jul 31 13:37:11 UTC 2026
// 同步 ID: c61b1fcb @ Fri Jul 31 15:49:03 UTC 2026
// 同步 ID: 0fc43a11 @ Sat Aug  1 14:06:32 UTC 2026
// 重构日志: 1c11a470
// 重构日志: 39023da6
// 同步 ID: 81d53bec @ Sun Aug  2 11:54:33 UTC 2026
// 重构日志: 7133daa4
// 同步 ID: faa75275 @ Mon Aug  3 01:01:27 UTC 2026
// 同步 ID: 579c1a05 @ Mon Aug  3 15:38:55 UTC 2026
